// Jest Snapshot v1, https://goo.gl/fbAQLP

exports[`DefaultDay component renders all details 1`] = `
<a
  href="/detailed/1552082400"
  onClick={[Function]}
  style={
    Object {
      "textDecoration": "none",
    }
  }
>
  <section
    className="dayBox blueHover"
  >
    <p
      className="leadP"
    >
      Sat Mar 09 
    </p>
    <canvas
      height={40}
      width={40}
    />
    <p>
      18
      °/
      30
      °
    </p>
    <p>
      Rain: 
      23
      %
    </p>
  </section>
</a>
`;
