// Jest Snapshot v1, https://goo.gl/fbAQLP

exports[`Home component renders with summary and defaultday 1`] = `
<div
  className="bigScreen"
  id="home"
>
  <section>
    <p>
      Light rain today through Tuesday, with high temperatures rising to 31°C on Thursday.
    </p>
    <p>
      (click day for details)
    </p>
  </section>
  <main
    className="weekDays"
  >
     
    <a
      href="/detailed/1552082400"
      onClick={[Function]}
      style={
        Object {
          "textDecoration": "none",
        }
      }
    >
      <section
        className="dayBox blueHover"
      >
        <p
          className="leadP"
        >
          Today
        </p>
        <canvas
          height={40}
          width={40}
        />
        <p>
          Current Temp: 
          29.3
          °
        </p>
        <p>
          18
          °/
          30
          °
        </p>
        <p>
          Rain: 
          23
          %
        </p>
      </section>
    </a>
    <a
      href="/detailed/1552168800"
      onClick={[Function]}
      style={
        Object {
          "textDecoration": "none",
        }
      }
    >
      <section
        className="dayBox blueHover"
      >
        <p
          className="leadP"
        >
          Sun Mar 10 
        </p>
        <canvas
          height={40}
          width={40}
        />
        <p>
          18
          °/
          28
          °
        </p>
        <p>
          Rain: 
          55
          %
        </p>
      </section>
    </a>
    <a
      href="/detailed/1552255200"
      onClick={[Function]}
      style={
        Object {
          "textDecoration": "none",
        }
      }
    >
      <section
        className="dayBox blueHover"
      >
        <p
          className="leadP"
        >
          Mon Mar 11 
        </p>
        <canvas
          height={40}
          width={40}
        />
        <p>
          19
          °/
          29
          °
        </p>
        <p>
          Rain: 
          42
          %
        </p>
      </section>
    </a>
    <a
      href="/detailed/1552341600"
      onClick={[Function]}
      style={
        Object {
          "textDecoration": "none",
        }
      }
    >
      <section
        className="dayBox blueHover"
      >
        <p
          className="leadP"
        >
          Tue Mar 12 
        </p>
        <canvas
          height={40}
          width={40}
        />
        <p>
          18
          °/
          30
          °
        </p>
        <p>
          Rain: 
          25
          %
        </p>
      </section>
    </a>
    <a
      href="/detailed/1552428000"
      onClick={[Function]}
      style={
        Object {
          "textDecoration": "none",
        }
      }
    >
      <section
        className="dayBox blueHover"
      >
        <p
          className="leadP"
        >
          Wed Mar 13 
        </p>
        <canvas
          height={40}
          width={40}
        />
        <p>
          20
          °/
          31
          °
        </p>
        <p>
          Rain: 
          20
          %
        </p>
      </section>
    </a>
    <a
      href="/detailed/1552514400"
      onClick={[Function]}
      style={
        Object {
          "textDecoration": "none",
        }
      }
    >
      <section
        className="dayBox blueHover"
      >
        <p
          className="leadP"
        >
          Thu Mar 14 
        </p>
        <canvas
          height={40}
          width={40}
        />
        <p>
          18
          °/
          31
          °
        </p>
        <p>
          Rain: 
          16
          %
        </p>
      </section>
    </a>
    <a
      href="/detailed/1552600800"
      onClick={[Function]}
      style={
        Object {
          "textDecoration": "none",
        }
      }
    >
      <section
        className="dayBox blueHover"
      >
        <p
          className="leadP"
        >
          Fri Mar 15 
        </p>
        <canvas
          height={40}
          width={40}
        />
        <p>
          17
          °/
          31
          °
        </p>
        <p>
          Rain: 
          28
          %
        </p>
      </section>
    </a>
    <a
      href="/detailed/1552687200"
      onClick={[Function]}
      style={
        Object {
          "textDecoration": "none",
        }
      }
    >
      <section
        className="dayBox blueHover"
      >
        <p
          className="leadP"
        >
          Sat Mar 16 
        </p>
        <canvas
          height={40}
          width={40}
        />
        <p>
          19
          °/
          30
          °
        </p>
        <p>
          Rain: 
          22
          %
        </p>
      </section>
    </a>
     
  </main>
</div>
`;
