// Jest Snapshot v1, https://goo.gl/fbAQLP

exports[`Home component renders with summary and defaultday 1`] = `
<div
  className="bigScreen"
  id="home"
>
  <div>
    <p>
      Light rain today through Monday, with high temperatures falling to 28°C on Monday.
    </p>
    <p>
      (click day for details)
    </p>
     
  </div>
  <div
    className="weekDays"
  >
     
    <div>
      <div>
        <a
          href="/detailed/1551996000"
          onClick={[Function]}
          style={
            Object {
              "textDecoration": "none",
            }
          }
        >
          <div
            className="dayBox blueHover"
          >
            <p
              className="leadP"
            >
              Today
            </p>
            <canvas
              height={40}
              width={40}
            />
            <p>
              Current Temp: 
              23.27
              °
            </p>
            <p>
              19
              °/
              30
              °
            </p>
            <p>
              Rain: 
              18
              %
            </p>
          </div>
        </a>
      </div>
    </div>
    <div>
      <div>
        <a
          href="/detailed/1552082400"
          onClick={[Function]}
          style={
            Object {
              "textDecoration": "none",
            }
          }
        >
          <div
            className="dayBox blueHover"
          >
            <p
              className="leadP"
            >
              Sat Mar 09 
            </p>
            <canvas
              height={40}
              width={40}
            />
            <p>
              18
              °/
              31
              °
            </p>
            <p>
              Rain: 
              27
              %
            </p>
          </div>
        </a>
      </div>
    </div>
    <div>
      <div>
        <a
          href="/detailed/1552168800"
          onClick={[Function]}
          style={
            Object {
              "textDecoration": "none",
            }
          }
        >
          <div
            className="dayBox blueHover"
          >
            <p
              className="leadP"
            >
              Sun Mar 10 
            </p>
            <canvas
              height={40}
              width={40}
            />
            <p>
              21
              °/
              29
              °
            </p>
            <p>
              Rain: 
              87
              %
            </p>
          </div>
        </a>
      </div>
    </div>
    <div>
      <div>
        <a
          href="/detailed/1552255200"
          onClick={[Function]}
          style={
            Object {
              "textDecoration": "none",
            }
          }
        >
          <div
            className="dayBox blueHover"
          >
            <p
              className="leadP"
            >
              Mon Mar 11 
            </p>
            <canvas
              height={40}
              width={40}
            />
            <p>
              20
              °/
              28
              °
            </p>
            <p>
              Rain: 
              84
              %
            </p>
          </div>
        </a>
      </div>
    </div>
    <div>
      <div>
        <a
          href="/detailed/1552341600"
          onClick={[Function]}
          style={
            Object {
              "textDecoration": "none",
            }
          }
        >
          <div
            className="dayBox blueHover"
          >
            <p
              className="leadP"
            >
              Tue Mar 12 
            </p>
            <canvas
              height={40}
              width={40}
            />
            <p>
              17
              °/
              30
              °
            </p>
            <p>
              Rain: 
              20
              %
            </p>
          </div>
        </a>
      </div>
    </div>
    <div>
      <div>
        <a
          href="/detailed/1552428000"
          onClick={[Function]}
          style={
            Object {
              "textDecoration": "none",
            }
          }
        >
          <div
            className="dayBox blueHover"
          >
            <p
              className="leadP"
            >
              Wed Mar 13 
            </p>
            <canvas
              height={40}
              width={40}
            />
            <p>
              19
              °/
              31
              °
            </p>
            <p>
              Rain: 
              26
              %
            </p>
          </div>
        </a>
      </div>
    </div>
    <div>
      <div>
        <a
          href="/detailed/1552514400"
          onClick={[Function]}
          style={
            Object {
              "textDecoration": "none",
            }
          }
        >
          <div
            className="dayBox blueHover"
          >
            <p
              className="leadP"
            >
              Thu Mar 14 
            </p>
            <canvas
              height={40}
              width={40}
            />
            <p>
              21
              °/
              31
              °
            </p>
            <p>
              Rain: 
              22
              %
            </p>
          </div>
        </a>
      </div>
    </div>
    <div>
      <div>
        <a
          href="/detailed/1552600800"
          onClick={[Function]}
          style={
            Object {
              "textDecoration": "none",
            }
          }
        >
          <div
            className="dayBox blueHover"
          >
            <p
              className="leadP"
            >
              Fri Mar 15 
            </p>
            <canvas
              height={40}
              width={40}
            />
            <p>
              21
              °/
              30
              °
            </p>
            <p>
              Rain: 
              43
              %
            </p>
          </div>
        </a>
      </div>
    </div>
     
  </div>
</div>
`;
