// Jest Snapshot v1, https://goo.gl/fbAQLP

exports[`Hourly component renders all hours 1`] = `
<div>
  <h1>
    Hourly Forcast
  </h1>
  <table
    className="bigScreen"
  >
    <thead>
      <tr>
        <td>
          Date
        </td>
        <td>
          Temp
        </td>
        <td>
          Wind Speed
        </td>
        <td>
          Precipitation %
        </td>
        <td>
          Icon
        </td>
      </tr>
    </thead>
    <tbody>
      <tr
        className="weatherLine"
      >
        <td>
          15:00
           
          Sat Mar 09 
        </td>
        <td>
          29.76
          °
        </td>
        <td>
          3.44
           Km/h
        </td>
        <td>
          11
          %
        </td>
        <td>
          <canvas
            height={40}
            width={40}
          />
        </td>
      </tr>
      <tr
        className="weatherLine"
      >
        <td>
          16:00
           
          Sat Mar 09 
        </td>
        <td>
          29.13
          °
        </td>
        <td>
          3.18
           Km/h
        </td>
        <td>
          6
          %
        </td>
        <td>
          <canvas
            height={40}
            width={40}
          />
        </td>
      </tr>
      <tr
        className="weatherLine"
      >
        <td>
          17:00
           
          Sat Mar 09 
        </td>
        <td>
          28.49
          °
        </td>
        <td>
          2.17
           Km/h
        </td>
        <td>
          0
          %
        </td>
        <td>
          <canvas
            height={40}
            width={40}
          />
        </td>
      </tr>
      <tr
        className="weatherLine"
      >
        <td>
          18:00
           
          Sat Mar 09 
        </td>
        <td>
          26.99
          °
        </td>
        <td>
          1.41
           Km/h
        </td>
        <td>
          0
          %
        </td>
        <td>
          <canvas
            height={40}
            width={40}
          />
        </td>
      </tr>
      <tr
        className="weatherLine"
      >
        <td>
          19:00
           
          Sat Mar 09 
        </td>
        <td>
          25.05
          °
        </td>
        <td>
          1.1
           Km/h
        </td>
        <td>
          0
          %
        </td>
        <td>
          <canvas
            height={40}
            width={40}
          />
        </td>
      </tr>
      <tr
        className="weatherLine"
      >
        <td>
          20:00
           
          Sat Mar 09 
        </td>
        <td>
          23.37
          °
        </td>
        <td>
          0.84
           Km/h
        </td>
        <td>
          0
          %
        </td>
        <td>
          <canvas
            height={40}
            width={40}
          />
        </td>
      </tr>
      <tr
        className="weatherLine"
      >
        <td>
          21:00
           
          Sat Mar 09 
        </td>
        <td>
          22.39
          °
        </td>
        <td>
          0.68
           Km/h
        </td>
        <td>
          0
          %
        </td>
        <td>
          <canvas
            height={40}
            width={40}
          />
        </td>
      </tr>
      <tr
        className="weatherLine"
      >
        <td>
          22:00
           
          Sat Mar 09 
        </td>
        <td>
          21.79
          °
        </td>
        <td>
          0.55
           Km/h
        </td>
        <td>
          0
          %
        </td>
        <td>
          <canvas
            height={40}
            width={40}
          />
        </td>
      </tr>
      <tr
        className="weatherLine"
      >
        <td>
          23:00
           
          Sat Mar 09 
        </td>
        <td>
          21.19
          °
        </td>
        <td>
          0.49
           Km/h
        </td>
        <td>
          0
          %
        </td>
        <td>
          <canvas
            height={40}
            width={40}
          />
        </td>
      </tr>
      <tr
        className="weatherLine"
      >
        <td>
          00:00
           
          Sun Mar 10 
        </td>
        <td>
          20.55
          °
        </td>
        <td>
          0.53
           Km/h
        </td>
        <td>
          0
          %
        </td>
        <td>
          <canvas
            height={40}
            width={40}
          />
        </td>
      </tr>
      <tr
        className="weatherLine"
      >
        <td>
          01:00
           
          Sun Mar 10 
        </td>
        <td>
          19.96
          °
        </td>
        <td>
          0.63
           Km/h
        </td>
        <td>
          0
          %
        </td>
        <td>
          <canvas
            height={40}
            width={40}
          />
        </td>
      </tr>
      <tr
        className="weatherLine"
      >
        <td>
          02:00
           
          Sun Mar 10 
        </td>
        <td>
          19.47
          °
        </td>
        <td>
          0.73
           Km/h
        </td>
        <td>
          0
          %
        </td>
        <td>
          <canvas
            height={40}
            width={40}
          />
        </td>
      </tr>
      <tr
        className="weatherLine"
      >
        <td>
          03:00
           
          Sun Mar 10 
        </td>
        <td>
          18.91
          °
        </td>
        <td>
          0.8
           Km/h
        </td>
        <td>
          0
          %
        </td>
        <td>
          <canvas
            height={40}
            width={40}
          />
        </td>
      </tr>
      <tr
        className="weatherLine"
      >
        <td>
          04:00
           
          Sun Mar 10 
        </td>
        <td>
          18.42
          °
        </td>
        <td>
          0.5
           Km/h
        </td>
        <td>
          0
          %
        </td>
        <td>
          <canvas
            height={40}
            width={40}
          />
        </td>
      </tr>
      <tr
        className="weatherLine"
      >
        <td>
          05:00
           
          Sun Mar 10 
        </td>
        <td>
          18.54
          °
        </td>
        <td>
          0.91
           Km/h
        </td>
        <td>
          0
          %
        </td>
        <td>
          <canvas
            height={40}
            width={40}
          />
        </td>
      </tr>
      <tr
        className="weatherLine"
      >
        <td>
          06:00
           
          Sun Mar 10 
        </td>
        <td>
          19.78
          °
        </td>
        <td>
          0.6
           Km/h
        </td>
        <td>
          0
          %
        </td>
        <td>
          <canvas
            height={40}
            width={40}
          />
        </td>
      </tr>
      <tr
        className="weatherLine"
      >
        <td>
          07:00
           
          Sun Mar 10 
        </td>
        <td>
          21.31
          °
        </td>
        <td>
          0.79
           Km/h
        </td>
        <td>
          2
          %
        </td>
        <td>
          <canvas
            height={40}
            width={40}
          />
        </td>
      </tr>
      <tr
        className="weatherLine"
      >
        <td>
          08:00
           
          Sun Mar 10 
        </td>
        <td>
          22.96
          °
        </td>
        <td>
          0.86
           Km/h
        </td>
        <td>
          4
          %
        </td>
        <td>
          <canvas
            height={40}
            width={40}
          />
        </td>
      </tr>
      <tr
        className="weatherLine"
      >
        <td>
          09:00
           
          Sun Mar 10 
        </td>
        <td>
          24.41
          °
        </td>
        <td>
          1.19
           Km/h
        </td>
        <td>
          7
          %
        </td>
        <td>
          <canvas
            height={40}
            width={40}
          />
        </td>
      </tr>
      <tr
        className="weatherLine"
      >
        <td>
          10:00
           
          Sun Mar 10 
        </td>
        <td>
          25.56
          °
        </td>
        <td>
          1.69
           Km/h
        </td>
        <td>
          9
          %
        </td>
        <td>
          <canvas
            height={40}
            width={40}
          />
        </td>
      </tr>
      <tr
        className="weatherLine"
      >
        <td>
          11:00
           
          Sun Mar 10 
        </td>
        <td>
          26.89
          °
        </td>
        <td>
          2.13
           Km/h
        </td>
        <td>
          8
          %
        </td>
        <td>
          <canvas
            height={40}
            width={40}
          />
        </td>
      </tr>
      <tr
        className="weatherLine"
      >
        <td>
          12:00
           
          Sun Mar 10 
        </td>
        <td>
          27.73
          °
        </td>
        <td>
          2.41
           Km/h
        </td>
        <td>
          9
          %
        </td>
        <td>
          <canvas
            height={40}
            width={40}
          />
        </td>
      </tr>
      <tr
        className="weatherLine"
      >
        <td>
          13:00
           
          Sun Mar 10 
        </td>
        <td>
          28.08
          °
        </td>
        <td>
          2.6
           Km/h
        </td>
        <td>
          8
          %
        </td>
        <td>
          <canvas
            height={40}
            width={40}
          />
        </td>
      </tr>
      <tr
        className="weatherLine"
      >
        <td>
          14:00
           
          Sun Mar 10 
        </td>
        <td>
          27.8
          °
        </td>
        <td>
          2.71
           Km/h
        </td>
        <td>
          6
          %
        </td>
        <td>
          <canvas
            height={40}
            width={40}
          />
        </td>
      </tr>
      <tr
        className="weatherLine"
      >
        <td>
          15:00
           
          Sun Mar 10 
        </td>
        <td>
          27.24
          °
        </td>
        <td>
          2.72
           Km/h
        </td>
        <td>
          6
          %
        </td>
        <td>
          <canvas
            height={40}
            width={40}
          />
        </td>
      </tr>
      <tr
        className="weatherLine"
      >
        <td>
          16:00
           
          Sun Mar 10 
        </td>
        <td>
          26.46
          °
        </td>
        <td>
          2.66
           Km/h
        </td>
        <td>
          7
          %
        </td>
        <td>
          <canvas
            height={40}
            width={40}
          />
        </td>
      </tr>
      <tr
        className="weatherLine"
      >
        <td>
          17:00
           
          Sun Mar 10 
        </td>
        <td>
          26.07
          °
        </td>
        <td>
          2.48
           Km/h
        </td>
        <td>
          10
          %
        </td>
        <td>
          <canvas
            height={40}
            width={40}
          />
        </td>
      </tr>
      <tr
        className="weatherLine"
      >
        <td>
          18:00
           
          Sun Mar 10 
        </td>
        <td>
          24.87
          °
        </td>
        <td>
          2.11
           Km/h
        </td>
        <td>
          17
          %
        </td>
        <td>
          <canvas
            height={40}
            width={40}
          />
        </td>
      </tr>
      <tr
        className="weatherLine"
      >
        <td>
          19:00
           
          Sun Mar 10 
        </td>
        <td>
          23.42
          °
        </td>
        <td>
          1.68
           Km/h
        </td>
        <td>
          29
          %
        </td>
        <td>
          <canvas
            height={40}
            width={40}
          />
        </td>
      </tr>
      <tr
        className="weatherLine"
      >
        <td>
          20:00
           
          Sun Mar 10 
        </td>
        <td>
          22.13
          °
        </td>
        <td>
          1.35
           Km/h
        </td>
        <td>
          40
          %
        </td>
        <td>
          <canvas
            height={40}
            width={40}
          />
        </td>
      </tr>
      <tr
        className="weatherLine"
      >
        <td>
          21:00
           
          Sun Mar 10 
        </td>
        <td>
          21.45
          °
        </td>
        <td>
          1.2
           Km/h
        </td>
        <td>
          32
          %
        </td>
        <td>
          <canvas
            height={40}
            width={40}
          />
        </td>
      </tr>
      <tr
        className="weatherLine"
      >
        <td>
          22:00
           
          Sun Mar 10 
        </td>
        <td>
          21.02
          °
        </td>
        <td>
          1.14
           Km/h
        </td>
        <td>
          21
          %
        </td>
        <td>
          <canvas
            height={40}
            width={40}
          />
        </td>
      </tr>
      <tr
        className="weatherLine"
      >
        <td>
          23:00
           
          Sun Mar 10 
        </td>
        <td>
          20.66
          °
        </td>
        <td>
          1.09
           Km/h
        </td>
        <td>
          16
          %
        </td>
        <td>
          <canvas
            height={40}
            width={40}
          />
        </td>
      </tr>
      <tr
        className="weatherLine"
      >
        <td>
          00:00
           
          Mon Mar 11 
        </td>
        <td>
          20.36
          °
        </td>
        <td>
          1.04
           Km/h
        </td>
        <td>
          14
          %
        </td>
        <td>
          <canvas
            height={40}
            width={40}
          />
        </td>
      </tr>
      <tr
        className="weatherLine"
      >
        <td>
          01:00
           
          Mon Mar 11 
        </td>
        <td>
          20.19
          °
        </td>
        <td>
          1.02
           Km/h
        </td>
        <td>
          14
          %
        </td>
        <td>
          <canvas
            height={40}
            width={40}
          />
        </td>
      </tr>
      <tr
        className="weatherLine"
      >
        <td>
          02:00
           
          Mon Mar 11 
        </td>
        <td>
          20.05
          °
        </td>
        <td>
          0.69
           Km/h
        </td>
        <td>
          14
          %
        </td>
        <td>
          <canvas
            height={40}
            width={40}
          />
        </td>
      </tr>
      <tr
        className="weatherLine"
      >
        <td>
          03:00
           
          Mon Mar 11 
        </td>
        <td>
          19.75
          °
        </td>
        <td>
          0.85
           Km/h
        </td>
        <td>
          12
          %
        </td>
        <td>
          <canvas
            height={40}
            width={40}
          />
        </td>
      </tr>
      <tr
        className="weatherLine"
      >
        <td>
          04:00
           
          Mon Mar 11 
        </td>
        <td>
          19.43
          °
        </td>
        <td>
          0.9
           Km/h
        </td>
        <td>
          10
          %
        </td>
        <td>
          <canvas
            height={40}
            width={40}
          />
        </td>
      </tr>
      <tr
        className="weatherLine"
      >
        <td>
          05:00
           
          Mon Mar 11 
        </td>
        <td>
          19.36
          °
        </td>
        <td>
          0.84
           Km/h
        </td>
        <td>
          9
          %
        </td>
        <td>
          <canvas
            height={40}
            width={40}
          />
        </td>
      </tr>
      <tr
        className="weatherLine"
      >
        <td>
          06:00
           
          Mon Mar 11 
        </td>
        <td>
          19.62
          °
        </td>
        <td>
          0.66
           Km/h
        </td>
        <td>
          7
          %
        </td>
        <td>
          <canvas
            height={40}
            width={40}
          />
        </td>
      </tr>
      <tr
        className="weatherLine"
      >
        <td>
          07:00
           
          Mon Mar 11 
        </td>
        <td>
          19.93
          °
        </td>
        <td>
          0.43
           Km/h
        </td>
        <td>
          6
          %
        </td>
        <td>
          <canvas
            height={40}
            width={40}
          />
        </td>
      </tr>
      <tr
        className="weatherLine"
      >
        <td>
          08:00
           
          Mon Mar 11 
        </td>
        <td>
          20.97
          °
        </td>
        <td>
          0.41
           Km/h
        </td>
        <td>
          5
          %
        </td>
        <td>
          <canvas
            height={40}
            width={40}
          />
        </td>
      </tr>
      <tr
        className="weatherLine"
      >
        <td>
          09:00
           
          Mon Mar 11 
        </td>
        <td>
          22.92
          °
        </td>
        <td>
          0.66
           Km/h
        </td>
        <td>
          3
          %
        </td>
        <td>
          <canvas
            height={40}
            width={40}
          />
        </td>
      </tr>
      <tr
        className="weatherLine"
      >
        <td>
          10:00
           
          Mon Mar 11 
        </td>
        <td>
          25.08
          °
        </td>
        <td>
          1.17
           Km/h
        </td>
        <td>
          3
          %
        </td>
        <td>
          <canvas
            height={40}
            width={40}
          />
        </td>
      </tr>
      <tr
        className="weatherLine"
      >
        <td>
          11:00
           
          Mon Mar 11 
        </td>
        <td>
          27.05
          °
        </td>
        <td>
          1.71
           Km/h
        </td>
        <td>
          2
          %
        </td>
        <td>
          <canvas
            height={40}
            width={40}
          />
        </td>
      </tr>
      <tr
        className="weatherLine"
      >
        <td>
          12:00
           
          Mon Mar 11 
        </td>
        <td>
          28.38
          °
        </td>
        <td>
          2.19
           Km/h
        </td>
        <td>
          0
          %
        </td>
        <td>
          <canvas
            height={40}
            width={40}
          />
        </td>
      </tr>
      <tr
        className="weatherLine"
      >
        <td>
          13:00
           
          Mon Mar 11 
        </td>
        <td>
          29.24
          °
        </td>
        <td>
          2.67
           Km/h
        </td>
        <td>
          0
          %
        </td>
        <td>
          <canvas
            height={40}
            width={40}
          />
        </td>
      </tr>
      <tr
        className="weatherLine"
      >
        <td>
          14:00
           
          Mon Mar 11 
        </td>
        <td>
          29.19
          °
        </td>
        <td>
          2.98
           Km/h
        </td>
        <td>
          0
          %
        </td>
        <td>
          <canvas
            height={40}
            width={40}
          />
        </td>
      </tr>
      <tr
        className="weatherLine"
      >
        <td>
          15:00
           
          Mon Mar 11 
        </td>
        <td>
          28.61
          °
        </td>
        <td>
          3
           Km/h
        </td>
        <td>
          0
          %
        </td>
        <td>
          <canvas
            height={40}
            width={40}
          />
        </td>
      </tr>
    </tbody>
  </table>
</div>
`;
